export const snapshot = {};

snapshot[`getStreamSink() 1`] = `
"2023-11-14 22:13:20.000 +00:00 [DBG] Hello, 123 & 456!
2023-11-14 22:13:20.000 +00:00 [INF] Hello, 123 & 456!
2023-11-14 22:13:20.000 +00:00 [WRN] Hello, 123 & 456!
2023-11-14 22:13:20.000 +00:00 [ERR] Hello, 123 & 456!
2023-11-14 22:13:20.000 +00:00 [FTL] Hello, 123 & 456!
"
`;

snapshot[`getConsoleSink() 1`] = `
[
  {
    DEBUG: [
      "%cDEBUG%c %cmy-app·junk %cHello, %o & %o!",
      "background-color: gray; color: white;",
      "background-color: default;",
      "color: gray;",
      "color: default;",
      123,
      456,
    ],
  },
  {
    INFO: [
      "%cINFO%c %cmy-app·junk %cHello, %o & %o!",
      "background-color: white; color: black;",
      "background-color: default;",
      "color: gray;",
      "color: default;",
      123,
      456,
    ],
  },
  {
    WARN: [
      "%cWARNING%c %cmy-app·junk %cHello, %o & %o!",
      "background-color: orange;",
      "background-color: default;",
      "color: gray;",
      "color: default;",
      123,
      456,
    ],
  },
  {
    ERROR: [
      "%cERROR%c %cmy-app·junk %cHello, %o & %o!",
      "background-color: red;",
      "background-color: default;",
      "color: gray;",
      "color: default;",
      123,
      456,
    ],
  },
  {
    ERROR: [
      "%cFATAL%c %cmy-app·junk %cHello, %o & %o!",
      "background-color: maroon;",
      "background-color: default;",
      "color: gray;",
      "color: default;",
      123,
      456,
    ],
  },
]
`;
